test: 'GET:movies/{id}'
request:
  url: 'https://limberest.io/demo/movies/435b30ad'
  method: GET
  headers:
    Accept: application/json
response:
  status:
    code: 404
    message: Not Found
  headers:
    content-type: application/json;charset=ISO-8859-1
  body: |-
    {
      "status": {
        "code": 404,
        "message": "Movie not found with id: 435b30ad"
      }
    }