test: movie-badpost
request:
  url: 'https://limberest.io/demo/movies'
  method: POST
  headers:
    Accept: application/json
    Content-Type: application/json
  body: |-
    {
      "credits": [
        {
          "name": "Alan Crosland",
          "role": "director"
        },
        {
          "name": "Warren William",
          "role": "actor"
        },
        {
          "name": "Mary Astor",
          "role": "actor"
        },
        {
          "name": "Allen Jenkins",
          "role": "actor"
        },
        {
          "name": "Grant Mitchell",
          "role": "actor"
        },
        {
          "name": "Helen Trenholme",
          "role": "actor"
        }
      ],
      "poster": "cothd.jpg",
      "webRef": {
        "ref": "tt0024958",
        "site": "imdb.com"
      },
      "year": 1812
    }
response:
  status:
    code: 400
    message: Bad Request
  headers:
    content-type: application/json${~.*}
  body: |-
    {
      "status": {
        "code": 400,
        "message": "title is required\nyear: value '1812' is less than minimum (1900)"
      }
    }
test: movie-badpost
request:
  url: 'https://limberest.io/demo/movies/435b30ad'
  method: GET
  headers:
    Accept: application/json
response:
  status:
    code: 404
    message: Not Found
  headers:
    content-type: application/json${~.*}
  body: |-
    {
      "status": {
        "code": 404,
        "message": "Movie not found with id: 435b30ad"
      }
    }